  Determining projects to restore...
  Restored /src/SharedKernel/ContractIQ.SharedKernel/ContractIQ.SharedKernel.csproj (in 11.21 sec).
  Restored /src/Contracts/ContractIQ.Contracts.Domain/ContractIQ.Contracts.Domain.csproj (in 11.2 sec).
  Restored /src/Workflow/ContractIQ.Workflow.Application/ContractIQ.Workflow.Application.csproj (in 11.21 sec).
  Restored /src/Integrations/ContractIQ.Integrations.Infrastructure/ContractIQ.Integrations.Infrastructure.csproj (in 11.24 sec).
  Restored /src/Contracts/ContractIQ.Contracts.Application/ContractIQ.Contracts.Application.csproj (in 11.21 sec).
  Restored /src/SharedKernel/ContractIQ.SharedKernel.Infrastructure/ContractIQ.SharedKernel.Infrastructure.csproj (in 1.19 min).
  Restored /src/Integrations/ContractIQ.Integrations.Api/ContractIQ.Integrations.Api.csproj (in 1 min).
  Restored /src/Gateway/ContractIQ.Gateway.csproj (in 8.3 sec).
  Restored /src/Tests/ContractIQ.Contracts.Tests/ContractIQ.Contracts.Tests.csproj (in 1.28 min).
  Restored /src/Audit/ContractIQ.Audit.Api/ContractIQ.Audit.Api.csproj (in 4.61 min).
  Restored /src/Audit/ContractIQ.Audit.Infrastructure/ContractIQ.Audit.Infrastructure.csproj (in 4.61 min).
  Restored /src/Workflow/ContractIQ.Workflow.Infrastructure/ContractIQ.Workflow.Infrastructure.csproj (in 3.28 min).
  Restored /src/Tenants/ContractIQ.Tenants.Infrastructure/ContractIQ.Tenants.Infrastructure.csproj (in 4.42 min).
  Restored /src/Workflow/ContractIQ.Workflow.Api/ContractIQ.Workflow.Api.csproj (in 4.42 min).
  Restored /src/Tenants/ContractIQ.Tenants.Api/ContractIQ.Tenants.Api.csproj (in 3.15 min).
  Restored /src/Contracts/ContractIQ.Contracts.Infrastructure/ContractIQ.Contracts.Infrastructure.csproj (in 3.82 min).
  Restored /src/Contracts/ContractIQ.Contracts.Api/ContractIQ.Contracts.Api.csproj (in 4.82 min).
  7 of 24 projects are up-to-date for restore.
  ContractIQ.SharedKernel -> /src/SharedKernel/ContractIQ.SharedKernel/bin/Release/net8.0/ContractIQ.SharedKernel.dll
  ContractIQ.Contracts.Tests -> /src/Tests/ContractIQ.Contracts.Tests/bin/Release/net8.0/ContractIQ.Contracts.Tests.dll
  ContractIQ.Gateway -> /src/Gateway/bin/Release/net8.0/ContractIQ.Gateway.dll
  ContractIQ.Tenants.Domain -> /src/Tenants/ContractIQ.Tenants.Domain/bin/Release/net8.0/ContractIQ.Tenants.Domain.dll
  ContractIQ.SharedKernel.Infrastructure -> /src/SharedKernel/ContractIQ.SharedKernel.Infrastructure/bin/Release/net8.0/ContractIQ.SharedKernel.Infrastructure.dll
  ContractIQ.Contracts.Domain -> /src/Contracts/ContractIQ.Contracts.Domain/bin/Release/net8.0/ContractIQ.Contracts.Domain.dll
  ContractIQ.Workflow.Domain -> /src/Workflow/ContractIQ.Workflow.Domain/bin/Release/net8.0/ContractIQ.Workflow.Domain.dll
  ContractIQ.Audit.Domain -> /src/Audit/ContractIQ.Audit.Domain/bin/Release/net8.0/ContractIQ.Audit.Domain.dll
  ContractIQ.Integrations.Domain -> /src/Integrations/ContractIQ.Integrations.Domain/bin/Release/net8.0/ContractIQ.Integrations.Domain.dll
  ContractIQ.Workflow.Application -> /src/Workflow/ContractIQ.Workflow.Application/bin/Release/net8.0/ContractIQ.Workflow.Application.dll
  ContractIQ.Tenants.Application -> /src/Tenants/ContractIQ.Tenants.Application/bin/Release/net8.0/ContractIQ.Tenants.Application.dll
  ContractIQ.Workflow.Infrastructure -> /src/Workflow/ContractIQ.Workflow.Infrastructure/bin/Release/net8.0/ContractIQ.Workflow.Infrastructure.dll
  ContractIQ.Audit.Application -> /src/Audit/ContractIQ.Audit.Application/bin/Release/net8.0/ContractIQ.Audit.Application.dll
  ContractIQ.Contracts.Application -> /src/Contracts/ContractIQ.Contracts.Application/bin/Release/net8.0/ContractIQ.Contracts.Application.dll
  ContractIQ.Integrations.Application -> /src/Integrations/ContractIQ.Integrations.Application/bin/Release/net8.0/ContractIQ.Integrations.Application.dll
  ContractIQ.Integrations.Infrastructure -> /src/Integrations/ContractIQ.Integrations.Infrastructure/bin/Release/net8.0/ContractIQ.Integrations.Infrastructure.dll
  ContractIQ.Tenants.Infrastructure -> /src/Tenants/ContractIQ.Tenants.Infrastructure/bin/Release/net8.0/ContractIQ.Tenants.Infrastructure.dll
  ContractIQ.Contracts.Infrastructure -> /src/Contracts/ContractIQ.Contracts.Infrastructure/bin/Release/net8.0/ContractIQ.Contracts.Infrastructure.dll
  ContractIQ.Workflow.Api -> /src/Workflow/ContractIQ.Workflow.Api/bin/Release/net8.0/ContractIQ.Workflow.Api.dll
  ContractIQ.Audit.Infrastructure -> /src/Audit/ContractIQ.Audit.Infrastructure/bin/Release/net8.0/ContractIQ.Audit.Infrastructure.dll
  ContractIQ.Integrations.Api -> /src/Integrations/ContractIQ.Integrations.Api/bin/Release/net8.0/ContractIQ.Integrations.Api.dll
CSC : error CS5001: Program does not contain a static 'Main' method suitable for an entry point [/src/Contracts/ContractIQ.Contracts.Api/ContractIQ.Contracts.Api.csproj]
  ContractIQ.Tenants.Api -> /src/Tenants/ContractIQ.Tenants.Api/bin/Release/net8.0/ContractIQ.Tenants.Api.dll
  ContractIQ.Audit.Api -> /src/Audit/ContractIQ.Audit.Api/bin/Release/net8.0/ContractIQ.Audit.Api.dll

Build FAILED.

CSC : error CS5001: Program does not contain a static 'Main' method suitable for an entry point [/src/Contracts/ContractIQ.Contracts.Api/ContractIQ.Contracts.Api.csproj]
    0 Warning(s)
    1 Error(s)

Time Elapsed 00:06:26.17
